Archive member included to satisfy reference by file (symbol)

/Applications/microchip/xc8/v2.05/avr/bin/../lib/gcc/avr/5.4.0/avrxmega3/libgcc.a(_exit.o)
                              /Applications/microchip/mplabx/v5.20/packs/Microchip/ATmega_DFP/2.0.12/gcc/dev/atmega4809/avrxmega3/crtatmega4809.o (exit)
/Applications/microchip/xc8/v2.05/avr/bin/../lib/gcc/avr/5.4.0/avrxmega3/libgcc.a(_tablejump2.o)
                              build/default/production/sequencer_utils.o (__tablejump2__)
/Applications/microchip/xc8/v2.05/avr/bin/../lib/gcc/avr/5.4.0/avrxmega3/libgcc.a(_copy_data.o)
                              build/default/production/spi.o (__do_copy_data)
/Applications/microchip/xc8/v2.05/avr/bin/../lib/gcc/avr/5.4.0/../../../../avr/lib/avrxmega3/libc.a(itoa_ncheck.o)
                              build/default/production/terminalPrint.o (__itoa_ncheck)
/Applications/microchip/xc8/v2.05/avr/bin/../lib/gcc/avr/5.4.0/../../../../avr/lib/avrxmega3/libc.a(utoa_ncheck.o)
                              /Applications/microchip/xc8/v2.05/avr/bin/../lib/gcc/avr/5.4.0/../../../../avr/lib/avrxmega3/libc.a(itoa_ncheck.o) (__utoa_common)
/Applications/microchip/xc8/v2.05/avr/bin/../lib/gcc/avr/5.4.0/../../../../avr/lib/avrxmega3/libc.a(strrev.o)
                              /Applications/microchip/xc8/v2.05/avr/bin/../lib/gcc/avr/5.4.0/../../../../avr/lib/avrxmega3/libc.a(utoa_ncheck.o) (strrev)

Allocating common symbols
Common symbol       size              file

dacCommandH         0x1               build/default/production/sequencer_utils.o
patterns            0x150             build/default/production/main.o
adcVal              0x2               build/default/production/main.o
data                0x1               build/default/production/W25Q32JV_memory.o
currPattern         0x2               build/default/production/main.o
spi_port_config     0x20              build/default/production/main.o
rotaryPos           0x1               build/default/production/sequencer_utils.o
dacCommandL         0x1               build/default/production/sequencer_utils.o
spi0_config         0x8               build/default/production/main.o
status              0x6               build/default/production/main.o
intflags            0x1               build/default/production/main.o

Discarded input sections

 .data          0x0000000000000000        0x0 /Applications/microchip/mplabx/v5.20/packs/Microchip/ATmega_DFP/2.0.12/gcc/dev/atmega4809/avrxmega3/crtatmega4809.o
 .bss           0x0000000000000000        0x0 /Applications/microchip/mplabx/v5.20/packs/Microchip/ATmega_DFP/2.0.12/gcc/dev/atmega4809/avrxmega3/crtatmega4809.o
 .text          0x0000000000000000        0x0 build/default/production/main.o
 .data          0x0000000000000000        0x0 build/default/production/main.o
 .bss           0x0000000000000000        0x0 build/default/production/main.o
 .text          0x0000000000000000        0x0 build/default/production/adc.o
 .data          0x0000000000000000        0x0 build/default/production/adc.o
 .bss           0x0000000000000000        0x0 build/default/production/adc.o
 .text.ADC0mux_init
                0x0000000000000000       0x82 build/default/production/adc.o
 .text.ADC0mux_read
                0x0000000000000000       0x26 build/default/production/adc.o
 .text.ADC0_mux
                0x0000000000000000        0x6 build/default/production/adc.o
 .text          0x0000000000000000        0x0 build/default/production/ac.o
 .data          0x0000000000000000        0x0 build/default/production/ac.o
 .bss           0x0000000000000000        0x0 build/default/production/ac.o
 .text          0x0000000000000000        0x0 build/default/production/W25Q32JV_memory.o
 .data          0x0000000000000000        0x0 build/default/production/W25Q32JV_memory.o
 .bss           0x0000000000000000        0x0 build/default/production/W25Q32JV_memory.o
 .text.mem_pageProgramInit
                0x0000000000000000       0x3a build/default/production/W25Q32JV_memory.o
 .text.mem_pageProgramData
                0x0000000000000000        0x6 build/default/production/W25Q32JV_memory.o
 .text.mem_readData
                0x0000000000000000       0x10 build/default/production/W25Q32JV_memory.o
 .rodata        0x0000000000000000        0xb build/default/production/W25Q32JV_memory.o
 .text.mem_display
                0x0000000000000000       0x82 build/default/production/W25Q32JV_memory.o
 .text.mem_readSR2
                0x0000000000000000       0x26 build/default/production/W25Q32JV_memory.o
 .text.mem_readSR3
                0x0000000000000000       0x26 build/default/production/W25Q32JV_memory.o
 .text.mem_pageProgramWord
                0x0000000000000000       0x64 build/default/production/W25Q32JV_memory.o
 .text.mem_erase
                0x0000000000000000       0x28 build/default/production/W25Q32JV_memory.o
 .text          0x0000000000000000        0x0 build/default/production/sequencer_utils.o
 .data          0x0000000000000000        0x0 build/default/production/sequencer_utils.o
 .bss           0x0000000000000000        0x0 build/default/production/sequencer_utils.o
 .text.rtc_pit_init
                0x0000000000000000       0x20 build/default/production/sequencer_utils.o
 .text.freeSampleOnGate
                0x0000000000000000       0x4a build/default/production/sequencer_utils.o
 .text.freeRunSample
                0x0000000000000000       0x2a build/default/production/sequencer_utils.o
 .text.recLedToggle
                0x0000000000000000       0x14 build/default/production/sequencer_utils.o
 .text.playbackLedToggle
                0x0000000000000000       0x14 build/default/production/sequencer_utils.o
 .text.stepLedsToggle
                0x0000000000000000       0x20 build/default/production/sequencer_utils.o
 .text          0x0000000000000000        0x0 build/default/production/spi.o
 .data          0x0000000000000000        0x0 build/default/production/spi.o
 .bss           0x0000000000000000        0x0 build/default/production/spi.o
 .text          0x0000000000000000        0x0 build/default/production/terminalPrint.o
 .data          0x0000000000000000        0x0 build/default/production/terminalPrint.o
 .bss           0x0000000000000000        0x0 build/default/production/terminalPrint.o
 .rodata        0x0000000000000000        0x3 build/default/production/terminalPrint.o
 .text.USART3_sendHex
                0x0000000000000000       0x3c build/default/production/terminalPrint.o
 .text.USART3_read
                0x0000000000000000       0x10 build/default/production/terminalPrint.o
 .text          0x0000000000000000        0x0 /Applications/microchip/xc8/v2.05/avr/bin/../lib/gcc/avr/5.4.0/avrxmega3/libgcc.a(_exit.o)
 .data          0x0000000000000000        0x0 /Applications/microchip/xc8/v2.05/avr/bin/../lib/gcc/avr/5.4.0/avrxmega3/libgcc.a(_exit.o)
 .bss           0x0000000000000000        0x0 /Applications/microchip/xc8/v2.05/avr/bin/../lib/gcc/avr/5.4.0/avrxmega3/libgcc.a(_exit.o)
 .text.libgcc.mul
                0x0000000000000000        0x0 /Applications/microchip/xc8/v2.05/avr/bin/../lib/gcc/avr/5.4.0/avrxmega3/libgcc.a(_exit.o)
 .text.libgcc.div
                0x0000000000000000        0x0 /Applications/microchip/xc8/v2.05/avr/bin/../lib/gcc/avr/5.4.0/avrxmega3/libgcc.a(_exit.o)
 .text.libgcc   0x0000000000000000        0x0 /Applications/microchip/xc8/v2.05/avr/bin/../lib/gcc/avr/5.4.0/avrxmega3/libgcc.a(_exit.o)
 .text.libgcc.prologue
                0x0000000000000000        0x0 /Applications/microchip/xc8/v2.05/avr/bin/../lib/gcc/avr/5.4.0/avrxmega3/libgcc.a(_exit.o)
 .text.libgcc.builtins
                0x0000000000000000        0x0 /Applications/microchip/xc8/v2.05/avr/bin/../lib/gcc/avr/5.4.0/avrxmega3/libgcc.a(_exit.o)
 .text.libgcc.fmul
                0x0000000000000000        0x0 /Applications/microchip/xc8/v2.05/avr/bin/../lib/gcc/avr/5.4.0/avrxmega3/libgcc.a(_exit.o)
 .text.libgcc.fixed
                0x0000000000000000        0x0 /Applications/microchip/xc8/v2.05/avr/bin/../lib/gcc/avr/5.4.0/avrxmega3/libgcc.a(_exit.o)
 .text          0x0000000000000000        0x0 /Applications/microchip/xc8/v2.05/avr/bin/../lib/gcc/avr/5.4.0/avrxmega3/libgcc.a(_tablejump2.o)
 .data          0x0000000000000000        0x0 /Applications/microchip/xc8/v2.05/avr/bin/../lib/gcc/avr/5.4.0/avrxmega3/libgcc.a(_tablejump2.o)
 .bss           0x0000000000000000        0x0 /Applications/microchip/xc8/v2.05/avr/bin/../lib/gcc/avr/5.4.0/avrxmega3/libgcc.a(_tablejump2.o)
 .text.libgcc.mul
                0x0000000000000000        0x0 /Applications/microchip/xc8/v2.05/avr/bin/../lib/gcc/avr/5.4.0/avrxmega3/libgcc.a(_tablejump2.o)
 .text.libgcc.div
                0x0000000000000000        0x0 /Applications/microchip/xc8/v2.05/avr/bin/../lib/gcc/avr/5.4.0/avrxmega3/libgcc.a(_tablejump2.o)
 .text.libgcc.prologue
                0x0000000000000000        0x0 /Applications/microchip/xc8/v2.05/avr/bin/../lib/gcc/avr/5.4.0/avrxmega3/libgcc.a(_tablejump2.o)
 .text.libgcc.builtins
                0x0000000000000000        0x0 /Applications/microchip/xc8/v2.05/avr/bin/../lib/gcc/avr/5.4.0/avrxmega3/libgcc.a(_tablejump2.o)
 .text.libgcc.fmul
                0x0000000000000000        0x0 /Applications/microchip/xc8/v2.05/avr/bin/../lib/gcc/avr/5.4.0/avrxmega3/libgcc.a(_tablejump2.o)
 .text.libgcc.fixed
                0x0000000000000000        0x0 /Applications/microchip/xc8/v2.05/avr/bin/../lib/gcc/avr/5.4.0/avrxmega3/libgcc.a(_tablejump2.o)
 .text          0x0000000000000000        0x0 /Applications/microchip/xc8/v2.05/avr/bin/../lib/gcc/avr/5.4.0/avrxmega3/libgcc.a(_copy_data.o)
 .data          0x0000000000000000        0x0 /Applications/microchip/xc8/v2.05/avr/bin/../lib/gcc/avr/5.4.0/avrxmega3/libgcc.a(_copy_data.o)
 .bss           0x0000000000000000        0x0 /Applications/microchip/xc8/v2.05/avr/bin/../lib/gcc/avr/5.4.0/avrxmega3/libgcc.a(_copy_data.o)
 .text.libgcc.mul
                0x0000000000000000        0x0 /Applications/microchip/xc8/v2.05/avr/bin/../lib/gcc/avr/5.4.0/avrxmega3/libgcc.a(_copy_data.o)
 .text.libgcc.div
                0x0000000000000000        0x0 /Applications/microchip/xc8/v2.05/avr/bin/../lib/gcc/avr/5.4.0/avrxmega3/libgcc.a(_copy_data.o)
 .text.libgcc   0x0000000000000000        0x0 /Applications/microchip/xc8/v2.05/avr/bin/../lib/gcc/avr/5.4.0/avrxmega3/libgcc.a(_copy_data.o)
 .text.libgcc.prologue
                0x0000000000000000        0x0 /Applications/microchip/xc8/v2.05/avr/bin/../lib/gcc/avr/5.4.0/avrxmega3/libgcc.a(_copy_data.o)
 .text.libgcc.builtins
                0x0000000000000000        0x0 /Applications/microchip/xc8/v2.05/avr/bin/../lib/gcc/avr/5.4.0/avrxmega3/libgcc.a(_copy_data.o)
 .text.libgcc.fmul
                0x0000000000000000        0x0 /Applications/microchip/xc8/v2.05/avr/bin/../lib/gcc/avr/5.4.0/avrxmega3/libgcc.a(_copy_data.o)
 .text.libgcc.fixed
                0x0000000000000000        0x0 /Applications/microchip/xc8/v2.05/avr/bin/../lib/gcc/avr/5.4.0/avrxmega3/libgcc.a(_copy_data.o)
 .text          0x0000000000000000        0x0 /Applications/microchip/xc8/v2.05/avr/bin/../lib/gcc/avr/5.4.0/../../../../avr/lib/avrxmega3/libc.a(itoa_ncheck.o)
 .data          0x0000000000000000        0x0 /Applications/microchip/xc8/v2.05/avr/bin/../lib/gcc/avr/5.4.0/../../../../avr/lib/avrxmega3/libc.a(itoa_ncheck.o)
 .bss           0x0000000000000000        0x0 /Applications/microchip/xc8/v2.05/avr/bin/../lib/gcc/avr/5.4.0/../../../../avr/lib/avrxmega3/libc.a(itoa_ncheck.o)
 .text          0x0000000000000000        0x0 /Applications/microchip/xc8/v2.05/avr/bin/../lib/gcc/avr/5.4.0/../../../../avr/lib/avrxmega3/libc.a(utoa_ncheck.o)
 .data          0x0000000000000000        0x0 /Applications/microchip/xc8/v2.05/avr/bin/../lib/gcc/avr/5.4.0/../../../../avr/lib/avrxmega3/libc.a(utoa_ncheck.o)
 .bss           0x0000000000000000        0x0 /Applications/microchip/xc8/v2.05/avr/bin/../lib/gcc/avr/5.4.0/../../../../avr/lib/avrxmega3/libc.a(utoa_ncheck.o)
 .text          0x0000000000000000        0x0 /Applications/microchip/xc8/v2.05/avr/bin/../lib/gcc/avr/5.4.0/../../../../avr/lib/avrxmega3/libc.a(strrev.o)
 .data          0x0000000000000000        0x0 /Applications/microchip/xc8/v2.05/avr/bin/../lib/gcc/avr/5.4.0/../../../../avr/lib/avrxmega3/libc.a(strrev.o)
 .bss           0x0000000000000000        0x0 /Applications/microchip/xc8/v2.05/avr/bin/../lib/gcc/avr/5.4.0/../../../../avr/lib/avrxmega3/libc.a(strrev.o)

Memory Configuration

Name             Origin             Length             Attributes
text             0x0000000000000000 0x000000000000c000 xr
data             0x0000000000802800 0x0000000000001800 rw !x
eeprom           0x0000000000810000 0x0000000000000100 rw !x
fuse             0x0000000000820000 0x0000000000000009 rw !x
lock             0x0000000000830000 0x0000000000000400 rw !x
signature        0x0000000000840000 0x0000000000000400 rw !x
user_signatures  0x0000000000850000 0x0000000000000400 rw !x
*default*        0x0000000000000000 0xffffffffffffffff

Linker script and memory map

Address of section .data set to 0x802800
                0x0000000000004000                __RODATA_PM_OFFSET__ = 0x4000
LOAD /Applications/microchip/mplabx/v5.20/packs/Microchip/ATmega_DFP/2.0.12/gcc/dev/atmega4809/avrxmega3/crtatmega4809.o
                0x0000000000000001                __MPLAB_BUILD = 0x1
LOAD build/default/production/main.o
LOAD build/default/production/adc.o
LOAD build/default/production/ac.o
LOAD build/default/production/W25Q32JV_memory.o
LOAD build/default/production/sequencer_utils.o
LOAD build/default/production/spi.o
LOAD build/default/production/terminalPrint.o
START GROUP
LOAD /Applications/microchip/xc8/v2.05/avr/bin/../lib/gcc/avr/5.4.0/../../../../avr/lib/avrxmega3/libm.a
END GROUP
START GROUP
LOAD /Applications/microchip/xc8/v2.05/avr/bin/../lib/gcc/avr/5.4.0/avrxmega3/libgcc.a
LOAD /Applications/microchip/xc8/v2.05/avr/bin/../lib/gcc/avr/5.4.0/../../../../avr/lib/avrxmega3/libm.a
LOAD /Applications/microchip/xc8/v2.05/avr/bin/../lib/gcc/avr/5.4.0/../../../../avr/lib/avrxmega3/libc.a
LOAD /Applications/microchip/mplabx/v5.20/packs/Microchip/ATmega_DFP/2.0.12/gcc/dev/atmega4809/avrxmega3/libatmega4809.a
END GROUP
                [0x0000000000000000]                __TEXT_REGION_ORIGIN__ = DEFINED (__TEXT_REGION_ORIGIN__)?__TEXT_REGION_ORIGIN__:0x0
                [0x0000000000802800]                __DATA_REGION_ORIGIN__ = DEFINED (__DATA_REGION_ORIGIN__)?__DATA_REGION_ORIGIN__:0x802000
                [0x000000000000c000]                __TEXT_REGION_LENGTH__ = DEFINED (__TEXT_REGION_LENGTH__)?__TEXT_REGION_LENGTH__:0x100000
                [0x0000000000001800]                __DATA_REGION_LENGTH__ = DEFINED (__DATA_REGION_LENGTH__)?__DATA_REGION_LENGTH__:0xffa0
                [0x0000000000000100]                __EEPROM_REGION_LENGTH__ = DEFINED (__EEPROM_REGION_LENGTH__)?__EEPROM_REGION_LENGTH__:0x10000
                [0x0000000000000009]                __FUSE_REGION_LENGTH__ = DEFINED (__FUSE_REGION_LENGTH__)?__FUSE_REGION_LENGTH__:0x400
                0x0000000000000400                __LOCK_REGION_LENGTH__ = DEFINED (__LOCK_REGION_LENGTH__)?__LOCK_REGION_LENGTH__:0x400
                0x0000000000000400                __SIGNATURE_REGION_LENGTH__ = DEFINED (__SIGNATURE_REGION_LENGTH__)?__SIGNATURE_REGION_LENGTH__:0x400
                0x0000000000000400                __USER_SIGNATURE_REGION_LENGTH__ = DEFINED (__USER_SIGNATURE_REGION_LENGTH__)?__USER_SIGNATURE_REGION_LENGTH__:0x400
                0x0000000000008000                __RODATA_PM_OFFSET__ = DEFINED (__RODATA_PM_OFFSET__)?__RODATA_PM_OFFSET__:0x8000

.hash
 *(.hash)

.dynsym
 *(.dynsym)

.dynstr
 *(.dynstr)

.gnu.version
 *(.gnu.version)

.gnu.version_d
 *(.gnu.version_d)

.gnu.version_r
 *(.gnu.version_r)

.rel.init
 *(.rel.init)

.rela.init
 *(.rela.init)

.rel.text
 *(.rel.text)
 *(.rel.text.*)
 *(.rel.gnu.linkonce.t*)

.rela.text
 *(.rela.text)
 *(.rela.text.*)
 *(.rela.gnu.linkonce.t*)

.rel.fini
 *(.rel.fini)

.rela.fini
 *(.rela.fini)

.rel.rodata
 *(.rel.rodata)
 *(.rel.rodata.*)
 *(.rel.gnu.linkonce.r*)

.rela.rodata
 *(.rela.rodata)
 *(.rela.rodata.*)
 *(.rela.gnu.linkonce.r*)

.rel.data
 *(.rel.data)
 *(.rel.data.*)
 *(.rel.gnu.linkonce.d*)

.rela.data
 *(.rela.data)
 *(.rela.data.*)
 *(.rela.gnu.linkonce.d*)

.rel.ctors
 *(.rel.ctors)

.rela.ctors
 *(.rela.ctors)

.rel.dtors
 *(.rel.dtors)

.rela.dtors
 *(.rela.dtors)

.rel.got
 *(.rel.got)

.rela.got
 *(.rela.got)

.rel.bss
 *(.rel.bss)

.rela.bss
 *(.rela.bss)

.rel.plt
 *(.rel.plt)

.rela.plt
 *(.rela.plt)

.text           0x0000000000000000      0x118
 *(.vectors)
 .vectors       0x0000000000000000       0xa0 /Applications/microchip/mplabx/v5.20/packs/Microchip/ATmega_DFP/2.0.12/gcc/dev/atmega4809/avrxmega3/crtatmega4809.o
                0x0000000000000000                __vectors
                0x0000000000000000                __vector_default
 *(.vectors)
 *(.progmem.gcc*)
 .progmem.gcc_sw_table.step
                0x00000000000000a0       0x10 build/default/production/sequencer_utils.o
 *(.dinit)
 .dinit         0x00000000000000b0       0x14 data_init
                0x00000000000000c4                . = ALIGN (0x2)
                0x00000000000000c4                __trampolines_start = .
 *(.trampolines)
 .trampolines   0x00000000000000c4        0x0 linker stubs
 *(.trampolines*)
                0x00000000000000c4                __trampolines_end = .
 *libprintf_flt.a:*(.progmem.data)
 *libc.a:*(.progmem.data)
                0x00000000000000c4                . = ALIGN (0x2)
 *(.jumptables)
 *(.jumptables*)
 *(.lowtext)
 *(.lowtext*)
                0x00000000000000c4                __ctors_start = .
 *(.ctors)
                0x00000000000000c4                __ctors_end = .
                0x00000000000000c4                __dtors_start = .
 *(.dtors)
                0x00000000000000c4                __dtors_end = .
 SORT(*)(.ctors)
 SORT(*)(.dtors)
 *(.init0)
 .init0         0x00000000000000c4        0x0 /Applications/microchip/mplabx/v5.20/packs/Microchip/ATmega_DFP/2.0.12/gcc/dev/atmega4809/avrxmega3/crtatmega4809.o
                0x00000000000000c4                __init
 *(.init0)
 *(.init1)
 *(.init1)
 *(.init2)
 .init2         0x00000000000000c4        0xc /Applications/microchip/mplabx/v5.20/packs/Microchip/ATmega_DFP/2.0.12/gcc/dev/atmega4809/avrxmega3/crtatmega4809.o
 *(.init2)
 *(.init3)
 *(.init3)
 *(.init4)
 .init4         0x00000000000000d0       0x3c /Applications/microchip/xc8/v2.05/avr/bin/../lib/gcc/avr/5.4.0/avrxmega3/libgcc.a(_copy_data.o)
                0x00000000000000d0                __do_copy_data
                0x00000000000000fe                __do_clear_bss
 *(.init4)
 *(.init5)
 *(.init5)
 *(.init6)
 *(.init6)
 *(.init7)
 *(.init7)
 *(.init8)
 *(.init8)
 *(.init9)
 .init9         0x000000000000010c        0x8 /Applications/microchip/mplabx/v5.20/packs/Microchip/ATmega_DFP/2.0.12/gcc/dev/atmega4809/avrxmega3/crtatmega4809.o
 *(.init9)
                0x0000000000000114                . = ALIGN (0x2)
 *(.fini9)
 .fini9         0x0000000000000114        0x0 /Applications/microchip/xc8/v2.05/avr/bin/../lib/gcc/avr/5.4.0/avrxmega3/libgcc.a(_exit.o)
                0x0000000000000114                exit
                0x0000000000000114                _exit
 *(.fini9)
 *(.fini8)
 *(.fini8)
 *(.fini7)
 *(.fini7)
 *(.fini6)
 *(.fini6)
 *(.fini5)
 *(.fini5)
 *(.fini4)
 *(.fini4)
 *(.fini3)
 *(.fini3)
 *(.fini2)
 *(.fini2)
 *(.fini1)
 *(.fini1)
 *(.fini0)
 .fini0         0x0000000000000114        0x4 /Applications/microchip/xc8/v2.05/avr/bin/../lib/gcc/avr/5.4.0/avrxmega3/libgcc.a(_exit.o)
 *(.fini0)
                0x0000000000000118                _etext = .

.rodata         0x0000000000804118       0x23 load address 0x0000000000000118
 *(.rodata)
 .rodata        0x0000000000804118        0x3 build/default/production/sequencer_utils.o
 *(.rodata*)
 .rodata.PINx_bm
                0x000000000080411b        0x8 build/default/production/spi.o
 .rodata.PORTx_OUTCLR
                0x0000000000804123        0xc build/default/production/spi.o
 .rodata.PORTx_OUTSET
                0x000000000080412f        0xc build/default/production/spi.o
 *(.gnu.linkonce.r*)

.data           0x0000000000802800        0x0 load address 0x000000000000013b
                [!provide]                        PROVIDE (__data_start, .)
 *(.gnu.linkonce.d*)
                0x0000000000802800                . = ALIGN (0x2)
                0x0000000000802800                _edata = .
                [!provide]                        PROVIDE (__data_end, .)

.bss            0x0000000000802800      0x187
                [!provide]                        PROVIDE (__bss_start, .)
 *(COMMON)
 COMMON         0x0000000000802800      0x183 build/default/production/main.o
                0x0000000000802800                patterns
                0x0000000000802950                adcVal
                0x0000000000802952                currPattern
                0x0000000000802954                spi_port_config
                0x0000000000802974                spi0_config
                0x000000000080297c                status
                0x0000000000802982                intflags
 COMMON         0x0000000000802983        0x1 build/default/production/W25Q32JV_memory.o
                0x0000000000802983                data
 COMMON         0x0000000000802984        0x3 build/default/production/sequencer_utils.o
                0x0000000000802984                dacCommandH
                0x0000000000802985                rotaryPos
                0x0000000000802986                dacCommandL
                [!provide]                        PROVIDE (__bss_end, .)
                0x000000000000013b                __data_load_start = LOADADDR (.data)
                0x000000000000013b                __data_load_end = (__data_load_start + SIZEOF (.data))

.noinit         0x0000000000802987        0x0
                [!provide]                        PROVIDE (__noinit_start, .)
 *(.noinit*)
                [!provide]                        PROVIDE (__noinit_end, .)
                0x0000000000802987                _end = .

.eeprom         0x0000000000810000        0x0
 *(.eeprom*)
                0x0000000000810000                __eeprom_end = .

.fuse
 *(.fuse)
 *(.lfuse)
 *(.hfuse)
 *(.efuse)

.lock
 *(.lock*)

.signature
 *(.signature*)

.user_signatures
 *(.user_signatures*)

.stab
 *(.stab)

.stabstr
 *(.stabstr)

.stab.excl
 *(.stab.excl)

.stab.exclstr
 *(.stab.exclstr)

.stab.index
 *(.stab.index)

.stab.indexstr
 *(.stab.indexstr)

.comment        0x0000000000000000       0x2e
 *(.comment)
 .comment       0x0000000000000000       0x2e build/default/production/main.o
                                         0x2f (size before relaxing)
 .comment       0x000000000000002e       0x2f build/default/production/adc.o
 .comment       0x000000000000002e       0x2f build/default/production/ac.o
 .comment       0x000000000000002e       0x2f build/default/production/W25Q32JV_memory.o
 .comment       0x000000000000002e       0x2f build/default/production/sequencer_utils.o
 .comment       0x000000000000002e       0x2f build/default/production/spi.o
 .comment       0x000000000000002e       0x2f build/default/production/terminalPrint.o

.note.gnu.build-id
 *(.note.gnu.build-id)

.debug
 *(.debug)

.line
 *(.line)

.debug_srcinfo
 *(.debug_srcinfo)

.debug_sfnames
 *(.debug_sfnames)

.debug_aranges  0x0000000000000000      0x290
 *(.debug_aranges)
 .debug_aranges
                0x0000000000000000       0x58 build/default/production/main.o
 .debug_aranges
                0x0000000000000058       0x58 build/default/production/adc.o
 .debug_aranges
                0x00000000000000b0       0x20 build/default/production/ac.o
 .debug_aranges
                0x00000000000000d0       0x88 build/default/production/W25Q32JV_memory.o
 .debug_aranges
                0x0000000000000158       0xb8 build/default/production/sequencer_utils.o
 .debug_aranges
                0x0000000000000210       0x30 build/default/production/spi.o
 .debug_aranges
                0x0000000000000240       0x50 build/default/production/terminalPrint.o

.debug_pubnames
 *(.debug_pubnames)

.debug_info     0x0000000000000000     0x86ca
 *(.debug_info .gnu.linkonce.wi.*)
 .debug_info    0x0000000000000000     0x248a /Applications/microchip/mplabx/v5.20/packs/Microchip/ATmega_DFP/2.0.12/gcc/dev/atmega4809/avrxmega3/crtatmega4809.o
 .debug_info    0x000000000000248a      0xd72 build/default/production/main.o
 .debug_info    0x00000000000031fc      0xd1e build/default/production/adc.o
 .debug_info    0x0000000000003f1a      0x8b4 build/default/production/ac.o
 .debug_info    0x00000000000047ce     0x112b build/default/production/W25Q32JV_memory.o
 .debug_info    0x00000000000058f9     0x1ab2 build/default/production/sequencer_utils.o
 .debug_info    0x00000000000073ab      0x8f8 build/default/production/spi.o
 .debug_info    0x0000000000007ca3      0xa27 build/default/production/terminalPrint.o

.debug_abbrev   0x0000000000000000     0x2e07
 *(.debug_abbrev)
 .debug_abbrev  0x0000000000000000     0x2296 /Applications/microchip/mplabx/v5.20/packs/Microchip/ATmega_DFP/2.0.12/gcc/dev/atmega4809/avrxmega3/crtatmega4809.o
 .debug_abbrev  0x0000000000002296      0x180 build/default/production/main.o
 .debug_abbrev  0x0000000000002416      0x1a1 build/default/production/adc.o
 .debug_abbrev  0x00000000000025b7       0xc1 build/default/production/ac.o
 .debug_abbrev  0x0000000000002678      0x1cd build/default/production/W25Q32JV_memory.o
 .debug_abbrev  0x0000000000002845      0x298 build/default/production/sequencer_utils.o
 .debug_abbrev  0x0000000000002add      0x11f build/default/production/spi.o
 .debug_abbrev  0x0000000000002bfc      0x20b build/default/production/terminalPrint.o

.debug_line     0x0000000000000000     0x193f
 *(.debug_line .debug_line.* .debug_line_end)
 .debug_line    0x0000000000000000      0x187 /Applications/microchip/mplabx/v5.20/packs/Microchip/ATmega_DFP/2.0.12/gcc/dev/atmega4809/avrxmega3/crtatmega4809.o
 .debug_line    0x0000000000000187      0x29b build/default/production/main.o
 .debug_line    0x0000000000000422      0x1e7 build/default/production/adc.o
 .debug_line    0x0000000000000609       0xfa build/default/production/ac.o
 .debug_line    0x0000000000000703      0x416 build/default/production/W25Q32JV_memory.o
 .debug_line    0x0000000000000b19      0xa35 build/default/production/sequencer_utils.o
 .debug_line    0x000000000000154e      0x17a build/default/production/spi.o
 .debug_line    0x00000000000016c8      0x277 build/default/production/terminalPrint.o

.debug_frame    0x0000000000000000      0x7cc
 *(.debug_frame)
 .debug_frame   0x0000000000000000      0x28c build/default/production/main.o
 .debug_frame   0x000000000000028c       0xa4 build/default/production/adc.o
 .debug_frame   0x0000000000000330       0x24 build/default/production/ac.o
 .debug_frame   0x0000000000000354      0x180 build/default/production/W25Q32JV_memory.o
 .debug_frame   0x00000000000004d4      0x1d4 build/default/production/sequencer_utils.o
 .debug_frame   0x00000000000006a8       0x44 build/default/production/spi.o
 .debug_frame   0x00000000000006ec       0xe0 build/default/production/terminalPrint.o

.debug_str      0x0000000000000000     0x13f5
 *(.debug_str)
 .debug_str     0x0000000000000000      0xf85 /Applications/microchip/mplabx/v5.20/packs/Microchip/ATmega_DFP/2.0.12/gcc/dev/atmega4809/avrxmega3/crtatmega4809.o
 .debug_str     0x0000000000000f85      0x177 build/default/production/main.o
 .debug_str     0x00000000000010fc       0x25 build/default/production/adc.o
 .debug_str     0x0000000000001121        0x0 build/default/production/ac.o
 .debug_str     0x0000000000001121       0x60 build/default/production/W25Q32JV_memory.o
 .debug_str     0x0000000000001181      0x1ed build/default/production/sequencer_utils.o
 .debug_str     0x000000000000136e       0x6b build/default/production/spi.o
 .debug_str     0x00000000000013d9       0x1c build/default/production/terminalPrint.o

.debug_loc      0x0000000000000000      0x7bd
 *(.debug_loc)
 .debug_loc     0x0000000000000000       0x18 build/default/production/adc.o
 .debug_loc     0x0000000000000018      0x327 build/default/production/W25Q32JV_memory.o
 .debug_loc     0x000000000000033f      0x233 build/default/production/sequencer_utils.o
 .debug_loc     0x0000000000000572       0xad build/default/production/spi.o
 .debug_loc     0x000000000000061f      0x19e build/default/production/terminalPrint.o

.debug_macinfo
 *(.debug_macinfo)

.debug_weaknames
 *(.debug_weaknames)

.debug_funcnames
 *(.debug_funcnames)

.debug_typenames
 *(.debug_typenames)

.debug_varnames
 *(.debug_varnames)

.debug_pubtypes
 *(.debug_pubtypes)

.debug_ranges   0x0000000000000000      0x238
 *(.debug_ranges)
 .debug_ranges  0x0000000000000000       0x48 build/default/production/main.o
 .debug_ranges  0x0000000000000048       0x48 build/default/production/adc.o
 .debug_ranges  0x0000000000000090       0x10 build/default/production/ac.o
 .debug_ranges  0x00000000000000a0       0x78 build/default/production/W25Q32JV_memory.o
 .debug_ranges  0x0000000000000118       0xc0 build/default/production/sequencer_utils.o
 .debug_ranges  0x00000000000001d8       0x20 build/default/production/spi.o
 .debug_ranges  0x00000000000001f8       0x40 build/default/production/terminalPrint.o

.debug_macro
 *(.debug_macro)
OUTPUT(dist/default/production/Sequencer.X.production.elf elf32-avr)
LOAD linker stubs
LOAD data_init

.text           0x0000000000001104        0x4
 .text          0x0000000000001104        0x4 /Applications/microchip/mplabx/v5.20/packs/Microchip/ATmega_DFP/2.0.12/gcc/dev/atmega4809/avrxmega3/crtatmega4809.o
                0x0000000000001104                __vector_18
                0x0000000000001104                __vector_22
                0x0000000000001104                __vector_28
                0x0000000000001104                __vector_1
                0x0000000000001104                __vector_32
                0x0000000000001104                __vector_12
                0x0000000000001104                __bad_interrupt
                0x0000000000001104                __vector_31
                0x0000000000001104                __vector_35
                0x0000000000001104                __vector_39
                0x0000000000001104                __vector_3
                0x0000000000001104                __vector_23
                0x0000000000001104                __vector_30
                0x0000000000001104                __vector_25
                0x0000000000001104                __vector_11
                0x0000000000001104                __vector_13
                0x0000000000001104                __vector_17
                0x0000000000001104                __vector_19
                0x0000000000001104                __vector_7
                0x0000000000001104                __vector_27
                0x0000000000001104                __vector_5
                0x0000000000001104                __vector_33
                0x0000000000001104                __vector_37
                0x0000000000001104                __vector_9
                0x0000000000001104                __vector_2
                0x0000000000001104                __vector_15
                0x0000000000001104                __vector_36
                0x0000000000001104                __vector_8
                0x0000000000001104                __vector_26
                0x0000000000001104                __vector_14
                0x0000000000001104                __vector_10
                0x0000000000001104                __vector_16
                0x0000000000001104                __vector_38

.note.gnu.avr.deviceinfo
                0x0000000000000000       0x40
 .note.gnu.avr.deviceinfo
                0x0000000000000000       0x40 /Applications/microchip/mplabx/v5.20/packs/Microchip/ATmega_DFP/2.0.12/gcc/dev/atmega4809/avrxmega3/crtatmega4809.o

.text.main      0x0000000000001006       0x22
 .text.main     0x0000000000001006       0x22 build/default/production/main.o
                0x0000000000001006                main

.text.__vector_21
                0x00000000000008de       0x80
 .text.__vector_21
                0x00000000000008de       0x80 build/default/production/main.o
                0x00000000000008de                __vector_21

.text.__vector_4
                0x00000000000009de       0x78
 .text.__vector_4
                0x00000000000009de       0x78 build/default/production/main.o
                0x00000000000009de                __vector_4

.text.__vector_6
                0x0000000000000a56       0x58
 .text.__vector_6
                0x0000000000000a56       0x58 build/default/production/main.o
                0x0000000000000a56                __vector_6

.text.__vector_34
                0x0000000000000aae       0x58
 .text.__vector_34
                0x0000000000000aae       0x58 build/default/production/main.o
                0x0000000000000aae                __vector_34

.text.__vector_20
                0x0000000000000b06       0x58
 .text.__vector_20
                0x0000000000000b06       0x58 build/default/production/main.o
                0x0000000000000b06                __vector_20

.text.__vector_29
                0x0000000000000b5e       0x58
 .text.__vector_29
                0x0000000000000b5e       0x58 build/default/production/main.o
                0x0000000000000b5e                __vector_29

.text.__vector_24
                0x0000000000000bb6       0x58
 .text.__vector_24
                0x0000000000000bb6       0x58 build/default/production/main.o
                0x0000000000000bb6                __vector_24

.text.ADC0free_init
                0x0000000000000f6e       0x28
 .text.ADC0free_init
                0x0000000000000f6e       0x28 build/default/production/adc.o
                0x0000000000000f6e                ADC0free_init

.text.ADC0free_read
                0x00000000000010c6        0xe
 .text.ADC0free_read
                0x00000000000010c6        0xe build/default/production/adc.o
                0x00000000000010c6                ADC0free_read

.text.ADC0_start
                0x00000000000010ec        0x8
 .text.ADC0_start
                0x00000000000010ec        0x8 build/default/production/adc.o
                0x00000000000010ec                ADC0_start

.text.ADC0_stop
                0x00000000000010d4        0xc
 .text.ADC0_stop
                0x00000000000010d4        0xc build/default/production/adc.o
                0x00000000000010d4                ADC0_stop

.text.ADC0_conversionDone
                0x00000000000010f4        0x8
 .text.ADC0_conversionDone
                0x00000000000010f4        0x8 build/default/production/adc.o
                0x00000000000010f4                ADC0_conversionDone

.text.AC0redge_init
                0x0000000000000fe2       0x24
 .text.AC0redge_init
                0x0000000000000fe2       0x24 build/default/production/ac.o
                0x0000000000000fe2                AC0redge_init

.text.mem_writeEnable
                0x0000000000000f1a       0x2a
 .text.mem_writeEnable
                0x0000000000000f1a       0x2a build/default/production/W25Q32JV_memory.o
                0x0000000000000f1a                mem_writeEnable

.text.mem_init  0x00000000000010fc        0x8
 .text.mem_init
                0x00000000000010fc        0x8 build/default/production/W25Q32JV_memory.o
                0x00000000000010fc                mem_init

.text.mem_readInit
                0x0000000000000df2       0x34
 .text.mem_readInit
                0x0000000000000df2       0x34 build/default/production/W25Q32JV_memory.o
                0x0000000000000df2                mem_readInit

.text.mem_readSR1
                0x0000000000000f96       0x26
 .text.mem_readSR1
                0x0000000000000f96       0x26 build/default/production/W25Q32JV_memory.o
                0x0000000000000f96                mem_readSR1

.text.mem_waitBusy
                0x0000000000000d84       0x38
 .text.mem_waitBusy
                0x0000000000000d84       0x38 build/default/production/W25Q32JV_memory.o
                0x0000000000000d84                mem_waitBusy

.text.mem_sectorErase
                0x0000000000000c66       0x4c
 .text.mem_sectorErase
                0x0000000000000c66       0x4c build/default/production/W25Q32JV_memory.o
                0x0000000000000c66                mem_sectorErase

.text.io_init   0x00000000000007b2       0x98
 .text.io_init  0x00000000000007b2       0x98 build/default/production/sequencer_utils.o
                0x00000000000007b2                io_init

.text.sequencer_init
                0x0000000000000c0e       0x58
 .text.sequencer_init
                0x0000000000000c0e       0x58 build/default/production/sequencer_utils.o
                0x0000000000000c0e                sequencer_init

.text.toggleSteps
                0x000000000000013c      0x25e
 .text.toggleSteps
                0x000000000000013c      0x25e build/default/production/sequencer_utils.o
                0x000000000000013c                toggleSteps

.text.step      0x0000000000000502      0x164
 .text.step     0x0000000000000502      0x164 build/default/production/sequencer_utils.o
                0x0000000000000502                step

.text.oneShotSample
                0x0000000000000fbc       0x26
 .text.oneShotSample
                0x0000000000000fbc       0x26 build/default/production/sequencer_utils.o
                0x0000000000000fbc                oneShotSample

.text.recordSample
                0x0000000000000e26       0x34
 .text.recordSample
                0x0000000000000e26       0x34 build/default/production/sequencer_utils.o
                0x0000000000000e26                recordSample

.text.setRecordEnable
                0x0000000000001028       0x22
 .text.setRecordEnable
                0x0000000000001028       0x22 build/default/production/sequencer_utils.o
                0x0000000000001028                setRecordEnable

.text.saveContext
                0x0000000000000666      0x14c
 .text.saveContext
                0x0000000000000666      0x14c build/default/production/sequencer_utils.o
                0x0000000000000666                saveContext

.text.restoreContext
                0x000000000000039a      0x168
 .text.restoreContext
                0x000000000000039a      0x168 build/default/production/sequencer_utils.o
                0x000000000000039a                restoreContext

.text.setPlaybackEnable
                0x000000000000104a       0x22
 .text.setPlaybackEnable
                0x000000000000104a       0x22 build/default/production/sequencer_utils.o
                0x000000000000104a                setPlaybackEnable

.text.sendDacCommand
                0x0000000000000eee       0x2c
 .text.sendDacCommand
                0x0000000000000eee       0x2c build/default/production/sequencer_utils.o
                0x0000000000000eee                sendDacCommand

.text.playbackPattern
                0x0000000000000ec0       0x2e
 .text.playbackPattern
                0x0000000000000ec0       0x2e build/default/production/sequencer_utils.o
                0x0000000000000ec0                playbackPattern

.text.rotaryTwist
                0x000000000000095e       0x80
 .text.rotaryTwist
                0x000000000000095e       0x80 build/default/production/sequencer_utils.o
                0x000000000000095e                rotaryTwist

.text.selectPattern
                0x0000000000000e8e       0x32
 .text.selectPattern
                0x0000000000000e8e       0x32 build/default/production/sequencer_utils.o
                0x0000000000000e8e                selectPattern

.bss.rotaryPrevPos
                0x0000000000802987        0x1
 .bss.rotaryPrevPos
                0x0000000000802987        0x1 build/default/production/sequencer_utils.o
                0x0000000000802987                rotaryPrevPos

.text.SPI0_init
                0x000000000000084a       0x94
 .text.SPI0_init
                0x000000000000084a       0x94 build/default/production/spi.o
                0x000000000000084a                SPI0_init

.text.SPI0_transmit
                0x00000000000010a2       0x14
 .text.SPI0_transmit
                0x00000000000010a2       0x14 build/default/production/spi.o
                0x00000000000010a2                SPI0_transmit

.text.SPI0_select
                0x0000000000000cb2       0x4c
 .text.SPI0_select
                0x0000000000000cb2       0x4c build/default/production/spi.o
                0x0000000000000cb2                SPI0_select

.text.USART3_init
                0x0000000000000f44       0x2a
 .text.USART3_init
                0x0000000000000f44       0x2a build/default/production/terminalPrint.o
                0x0000000000000f44                USART3_init

.text.USART3_sendChar
                0x00000000000010b6       0x10
 .text.USART3_sendChar
                0x00000000000010b6       0x10 build/default/production/terminalPrint.o
                0x00000000000010b6                USART3_sendChar

.text.USART3_sendString
                0x0000000000000cfe       0x44
 .text.USART3_sendString
                0x0000000000000cfe       0x44 build/default/production/terminalPrint.o
                0x0000000000000cfe                USART3_sendString

.text.USART3_sendByte
                0x0000000000000d42       0x42
 .text.USART3_sendByte
                0x0000000000000d42       0x42 build/default/production/terminalPrint.o
                0x0000000000000d42                USART3_sendByte

.text.USART3_sendNum
                0x0000000000000dbc       0x36
 .text.USART3_sendNum
                0x0000000000000dbc       0x36 build/default/production/terminalPrint.o
                0x0000000000000dbc                USART3_sendNum

.text.libgcc    0x00000000000010e0        0xc
 .text.libgcc   0x00000000000010e0        0xc /Applications/microchip/xc8/v2.05/avr/bin/../lib/gcc/avr/5.4.0/avrxmega3/libgcc.a(_tablejump2.o)
                0x00000000000010e0                __tablejump2__

.text.avrlibc   0x000000000000108c       0x16
 .text.avrlibc  0x000000000000108c       0x16 /Applications/microchip/xc8/v2.05/avr/bin/../lib/gcc/avr/5.4.0/../../../../avr/lib/avrxmega3/libc.a(itoa_ncheck.o)
                0x000000000000108c                __itoa_ncheck

.text.avrlibc   0x0000000000000e5a       0x34
 .text.avrlibc  0x0000000000000e5a       0x34 /Applications/microchip/xc8/v2.05/avr/bin/../lib/gcc/avr/5.4.0/../../../../avr/lib/avrxmega3/libc.a(utoa_ncheck.o)
                0x0000000000000e5a                __utoa_ncheck
                0x0000000000000e5c                __utoa_common

.text.avrlibc   0x000000000000106c       0x20
 .text.avrlibc  0x000000000000106c       0x20 /Applications/microchip/xc8/v2.05/avr/bin/../lib/gcc/avr/5.4.0/../../../../avr/lib/avrxmega3/libc.a(strrev.o)
                0x000000000000106c                strrev
